Notice: Undefined offset:  1 in /usr/share/php/Horde/iCalendar.php on line 718
array (
  'name' => 'Jan Schneiderö',
  'email' => 'jan@horde.org',
  'emails' => 'jan@horde.org',
  'nickname' => 'yunosh',
  'alias' => 'yunosh',
  'homePhone' => '+49 521 555123',
  'workPhone' => '+49 521 555456',
  'cellPhone' => '+49 177 555123',
  'fax' => '+49 521 555789',
  'pager' => '+49 123 555789',
  'birthday' => '1971-10-01',
  'title' => 'Senior Developer (äöü)',
  'role' => 'Developer (äöü)',
  'notes' => 'A German guy (äöü)',
  'website' => 'http://janschneider.de',
  'lastname' => 'Schneiderö',
  'firstname' => 'Jan',
  'middlenames' => 'K.',
  'namePrefix' => 'Mr.',
  'company' => 'Horde Project',
  'department' => 'äöü',
  'homeAddress' => 'Schönestr. 15
Bielefeld 33604',
  'homeStreet' => 'Schönestr. 15',
  'homeCity' => 'Bielefeld',
  'homePostalCode' => '33604',
  'workAddress' => 'Hübschestr. 19
Köln, Allgäu
Dänemark',
  'workStreet' => 'Hübschestr. 19',
  'workCity' => 'Köln',
  'workProvince' => 'Allgäu',
  'workCountry' => 'DK',
  'timezone' => 'Europe/Berlin',
  'latitude' => '0',
  'longitude' => '0',
)
array (
  'name' => 'Jan Schneiderö',
  'email' => 'jan@horde.org',
  'emails' => 'jan@horde.org',
  'nickname' => 'yunosh',
  'alias' => 'yunosh',
  'homePhone' => '+49 521 555123',
  'workPhone' => '+49 521 555456',
  'cellPhone' => '+49 177 555123',
  'fax' => '+49 521 555789',
  'pager' => '+49 123 555789',
  'birthday' => '1971-10-01',
  'title' => 'Senior Developer (äöü)',
  'role' => 'Developer (äöü)',
  'notes' => 'A German guy (äöü)',
  'website' => 'http://janschneider.de',
  'lastname' => 'Schneiderö',
  'firstname' => 'Jan',
  'middlenames' => 'K.',
  'namePrefix' => 'Mr.',
  'company' => 'Horde Project',
  'department' => 'äöü',
  'homeAddress' => 'Schönestr. 15
Bielefeld 33604',
  'homeStreet' => 'Schönestr. 15',
  'homeCity' => 'Bielefeld',
  'homePostalCode' => '33604',
  'workAddress' => 'Hübschestr. 19
Köln, Allgäu
Dänemark',
  'workStreet' => 'Hübschestr. 19',
  'workCity' => 'Köln',
  'workProvince' => 'Allgäu',
  'workCountry' => 'DK',
  'timezone' => 'Europe/Berlin',
  'latitude' => '1',
  'longitude' => '1',
)
array (
  'name' => 'Jan Schneider',
  'lastname' => 'Schneider',
  'firstname' => 'Jan',
  'middlenames' => 'K.',
  'namePrefix' => 'Mr.',
)
array (
  'lastname' => 'Schneider',
  'firstname' => 'Jan',
  'middlenames' => 'K.',
  'namePrefix' => 'Mr.',
  'name' => 'Jan Schneider',
)
array (
  'lastname' => 'Schneider',
  'firstname' => 'Jan',
  'middlenames' => 'K.',
  'namePrefix' => 'Mr.',
  'name' => 'Mr. Jan K. Schneider',
)
array (
  'lastname' => 'B',
  'firstname' => 'A',
  'cellPhone' => '1',
  'phone' => '4',
  'homeCellPhone' => '2',
  'workCellPhone' => '3',
  'homePhone' => '5',
  'workPhone' => '6',
  'name' => 'A  B',
)
array (
  'lastname' => 'Lastname',
  'firstname' => 'Firstname',
  'name' => 'Lastname, Firstname',
  'company' => 'Company Name',
  'department' => '',
  'homePhone' => '(xxx) xxx-xxxx',
  'workPhone' => '(xxx) xxx-xxxx',
  'cellPhone' => '(xxx) xxx-xxxx',
  'email' => 'email@domain.com',
  'emails' => 'email@domain.com',
  'category' => 'Friends',
  'businessCategory' => 'Friends',
  'homeAddress' => 'Street address
City, St 12345
USA',
  'homeStreet' => 'Street address',
  'homeCity' => 'City',
  'homeProvince' => 'St',
  'homePostalCode' => '12345',
  'homeCountry' => 'USA',
  'workAddress' => 'Street address
City, St 12345
USA',
  'workStreet' => 'Street address',
  'workCity' => 'City',
  'workProvince' => 'St',
  'workPostalCode' => '12345',
  'workCountry' => 'USA',
)
true
array (
  'name' => 'Jan Schneider',
  'lastname' => 'Schneider',
  'firstname' => 'Jan',
  'workEmail' => 'work@example.com',
  'emails' => 'work@example.com, home@example.com, mail@example.com, pref@example.com',
  'homeEmail' => 'home@example.com',
  'email' => 'pref@example.com',
)
array (
  'lastname' => 'Blow',
  'firstname' => 'Joe',
  'name' => 'Blow, Joe',
  'company' => '',
  'department' => '',
  'birthday' => '1970-03-27',
  'homePhone' => '302 834 9999',
  'cellPhone' => '302 521 9999',
  'email' => 'Blow@somwhere.net',
  'emails' => 'Blow@somwhere.net',
  'category' => 'Personal',
  'businessCategory' => 'Personal',
  'homeAddress' => '',
)
136
array (
  'lastname' => 'McTester',
  'firstname' => 'Testie',
  'name' => 'Testie McTester',
  'company' => 'Testers Inc',
  'department' => '',
  'email' => 'test@example.org',
  'emails' => 'test@example.org, test@example.com',
  'commonAddress' => '111 One Street
London W1 1AA',
  'commonStreet' => '111 One Street',
  'commonCity' => 'London',
  'commonPostalCode' => 'W1 1AA',
  'birthday' => '2008-10-08',
  'phototype' => 'JPEG',
)