BEGIN:VCARD
VERSION:2.1
FN;CHARSET=ISO-8859-1;ENCODING=QUOTED-PRINTABLE:=
Jan Schneider=F6
EMAIL:jan@horde.org
NICKNAME:yunosh
LABEL;HOME;ENCODING=QUOTED-PRINTABLE;CHARSET=ISO-8859-1:=
Sch=F6nestr. 15=0D=0A33604 Bielefeld
TEL;HOME:+49 521 555123
TEL;WORK:+49 521 555456
TEL;CELL:+49 177 555123
TEL;FAX:+49 521 555789
TEL;PAGER:+49 123 555789
BDAY:1971-10-01
TITLE;CHARSET=ISO-8859-1;ENCODING=QUOTED-PRINTABLE:=
Senior Developer (=E4=F6=FC)
ROLE;CHARSET=ISO-8859-1;ENCODING=QUOTED-PRINTABLE:=
Developer (=E4=F6=FC)
NOTE;CHARSET=ISO-8859-1;ENCODING=QUOTED-PRINTABLE:=
A German guy (=E4=F6=FC)
URL:http://janschneider.de
TZ;VALUE=text:Europe/Berlin
GEO:52.516276,13.377778
PHOTO;ENCODING=b;TYPE=image/png:iVBORw0KGgoAAAANSUhEUgAAAAkA
 AAAJAgMAAACd/+6DAAAACVBMVEW6ABZmZmYAAACMtcxCAAAAAXRSTlMAQObY
 ZgAAABpJREFUCFtjYACBBgYmRgEIZmGBYAFGMAYBABVmAOEH9qP8AAAAAElF
 TkSuQmCC
N;CHARSET=ISO-8859-1;ENCODING=QUOTED-PRINTABLE:=
Schneider=F6;Jan;K.;Mr.;
ORG;CHARSET=ISO-8859-1;ENCODING=QUOTED-PRINTABLE:=
Horde Project;=E4=F6=FC
ADR;HOME;CHARSET=ISO-8859-1;ENCODING=QUOTED-PRINTABLE:=
;;Sch=F6nestr. 15=0D=0A33604 Bielefeld;;;;
ADR;WORK;CHARSET=ISO-8859-1;ENCODING=QUOTED-PRINTABLE:=
;;H=FCbschestr. 19;K=F6ln;Allg=E4u;;D=E4nemark
BODY:
END:VCARD

BEGIN:VCARD
VERSION:3.0
FN:Jan Schneiderö
EMAIL:jan@horde.org
NICKNAME:yunosh
LABEL;TYPE=HOME:Schönestr. 15\n33604 Bielefeld
TEL;TYPE=HOME:+49 521 555123
TEL;TYPE=WORK:+49 521 555456
TEL;TYPE=CELL:+49 177 555123
TEL;TYPE=FAX:+49 521 555789
TEL;TYPE=PAGER:+49 123 555789
BDAY:1971-10-01
TITLE:Senior Developer (äöü)
ROLE:Developer (äöü)
NOTE:A German guy (äöü)
URL:http://janschneider.de
TZ;VALUE=text:Europe/Berlin
GEO:52.516276,13.377778
PHOTO;ENCODING=b;TYPE=image/png:wolQTkcNChoKAAAADUlIRFIAAAAJ
 AAAACQIDAAAAwp3Dv8OuwoMAAAAJUExURcK6ABZmZmYAAADCjMK1w4xCAAAA
 AXRSTlMAQMOmw5hmAAAAGklEQVQIW2NgAMKBBgYmRgEIZmHCgWABRjAGAQAV
 ZgDDoQfDtsKjw7wAAAAASUVORMKuQmDCgg==
N:Schneiderö;Jan;K.;Mr.;
ORG:Horde Project;äöü
ADR;TYPE=HOME:;;Schönestr. 15\n33604 Bielefeld;;;;
ADR;TYPE=WORK:;;Hübschestr. 19;Köln;Allgäu;;Dänemark
BODY:
END:VCARD