array(6) {
  ["year"]=>
  int(2006)
  ["month"]=>
  int(6)
  ["mday"]=>
  int(16)
  ["hour"]=>
  int(18)
  ["min"]=>
  int(0)
  ["sec"]=>
  int(0)
}
array(6) {
  ["year"]=>
  int(2006)
  ["month"]=>
  int(6)
  ["mday"]=>
  int(17)
  ["hour"]=>
  int(18)
  ["min"]=>
  int(0)
  ["sec"]=>
  int(0)
}
array(1) {
  [0]=>
  bool(false)
}